// Jest Snapshot v1, https://goo.gl/fbAQLP

exports[`Empty Components (without slots,methods,props,events) can be forced to be rendered Does render an empty component by with @vuese in the description 1`] = `
Object {
  "componentName": "MyComponent",
  "content": "# MyComponent

This is a description of the component. Supplementary description

",
  "groupName": "BASIC",
}
`;

exports[`Empty Components (without slots,methods,props,events) can be forced to be rendered Does render an empty component by with @vuese in the description 2`] = `Object {}`;

exports[`Proper rendering of store 1`] = `
Object {
  "actions": "|Action|Description|Parameters|
|---|---|---|
|fetchObject|Grabs the action from the API|the url to get|
",
  "getters": "|Getter|Description|
|---|---|
|formattedObject|Returns a correctly formatted object|
",
  "mutations": "|Mutation|Description|Parameters|
|---|---|---|
|MUTATE_OBJECT|Set the object in the store|object with key/value to set|
",
  "state": "|Name|Description|
|---|---|
|stateObject|stores the object|
",
}
`;

exports[`Proper rendering of store 2`] = `
Object {
  "componentName": "Store",
  "content": "# Store

## Getters

<!-- @vuese:Store:getters:start -->
|Getter|Description|
|---|---|
|formattedObject|Returns a correctly formatted object|

<!-- @vuese:Store:getters:end -->


## Actions

<!-- @vuese:Store:actions:start -->
|Action|Description|Parameters|
|---|---|---|
|fetchObject|Grabs the action from the API|the url to get|

<!-- @vuese:Store:actions:end -->


## Mutations

<!-- @vuese:Store:mutations:start -->
|Mutation|Description|Parameters|
|---|---|---|
|MUTATE_OBJECT|Set the object in the store|object with key/value to set|

<!-- @vuese:Store:mutations:end -->


## State

<!-- @vuese:Store:state:start -->
|Name|Description|
|---|---|
|stateObject|stores the object|

<!-- @vuese:Store:state:end -->


",
  "groupName": "BASIC",
}
`;

exports[`Proper rendering of the table header 1`] = `
Object {
  "data": "|Name|Type|Description|Default|
|---|---|---|---|
|someVariable|\`String\`|Does something|-|
",
  "events": "|Event Name|Description|Parameters|
|---|---|---|
|click|Triggered when clicked|a boolean value|
",
  "methods": "|Method|Description|Parameters|
|---|---|---|
|clear|Clear form|a boolean value|
",
  "mixIns": "|MixIn|
|---|
|MixIn|
",
  "props": "|Name|Description|Type|Required|Default|
|---|---|---|---|---|
|someProp|Represents the direction of the arrow|\`TOP\` / \`BOTTOM\`|\`true\`|\`TOP\`|
",
  "slots": "|Name|Description|Default Slot Content|
|---|---|---|
|header|Table header|\`<th>{{title}}</th>\`|
",
  "watch": "|Name|Description|Parameters|
|---|---|---|
|question|Something about a question|a string value|
",
}
`;

exports[`Proper rendering of the table header 2`] = `
Object {
  "componentName": "MyComponent",
  "content": "# MyComponent

This is a description of the component

## Props

<!-- @vuese:MyComponent:props:start -->
|Name|Description|Type|Required|Default|
|---|---|---|---|---|
|someProp|Represents the direction of the arrow|\`TOP\` / \`BOTTOM\`|\`true\`|\`TOP\`|

<!-- @vuese:MyComponent:props:end -->


## Events

<!-- @vuese:MyComponent:events:start -->
|Event Name|Description|Parameters|
|---|---|---|
|click|Triggered when clicked|a boolean value|

<!-- @vuese:MyComponent:events:end -->


## Slots

<!-- @vuese:MyComponent:slots:start -->
|Name|Description|Default Slot Content|
|---|---|---|
|header|Table header|\`<th>{{title}}</th>\`|

<!-- @vuese:MyComponent:slots:end -->


## Methods

<!-- @vuese:MyComponent:methods:start -->
|Method|Description|Parameters|
|---|---|---|
|clear|Clear form|a boolean value|

<!-- @vuese:MyComponent:methods:end -->


## MixIns

<!-- @vuese:MyComponent:mixIns:start -->
|MixIn|
|---|
|MixIn|

<!-- @vuese:MyComponent:mixIns:end -->


## Data

<!-- @vuese:MyComponent:data:start -->
|Name|Type|Description|Default|
|---|---|---|---|
|someVariable|\`String\`|Does something|-|

<!-- @vuese:MyComponent:data:end -->


## Watch

<!-- @vuese:MyComponent:watch:start -->
|Name|Description|Parameters|
|---|---|---|
|question|Something about a question|a string value|

<!-- @vuese:MyComponent:watch:end -->


",
  "groupName": "My Group",
}
`;
